// Jest Snapshot v1, https://goo.gl/fbAQLP

exports[`renders LoadingPage correctly 1`] = `
<div
  className="loader"
>
  <img
    alt="Loading..."
    className="loader__image"
    src="/images/loading-colourful.gif"
  />
</div>
`;
