// Jest Snapshot v1, https://goo.gl/fbAQLP

exports[`renders Not Found page correctly 1`] = `
<div>
  404 page not found - try the 
  <Link
    to="/"
  >
    home page
  </Link>
</div>
`;
